2026-02-05 07:10:57 +0000

python3.10
-m
pip
--python=/opt/homebrew/Cellar/label-studio/1.22.0/libexec/bin/python
install
--verbose
--no-deps
--no-binary=:all:
--ignore-installed
--no-compile
/private/tmp/label-studio--annotated-types-20260205-63897-yq72om/annotated_types-0.7.0

Using pip 26.0 from /opt/homebrew/lib/python3.10/site-packages/pip (python 3.10)
Processing ./.
  Installing build dependencies: started
  Running command installing build dependencies
  Using pip 26.0 from /opt/homebrew/lib/python3.10/site-packages/pip (python 3.10)
  Collecting hatchling
    Using cached hatchling-1.28.0-py3-none-any.whl
  Collecting packaging>=24.2 (from hatchling)
    Using cached packaging-26.0-py3-none-any.whl
  Collecting pathspec>=0.10.1 (from hatchling)
    Using cached pathspec-1.0.4-py3-none-any.whl
  Collecting pluggy>=1.0.0 (from hatchling)
    Using cached pluggy-1.6.0-py3-none-any.whl
  Collecting tomli>=1.2.2 (from hatchling)
    Using cached tomli-2.4.0-py3-none-any.whl
  Collecting trove-classifiers (from hatchling)
    Using cached trove_classifiers-2026.1.14.14-py3-none-any.whl
  Installing collected packages: trove-classifiers, tomli, pluggy, pathspec, packaging, hatchling
    Creating /private/tmp/pip-build-env-c3v2sl1d/overlay/bin
    changing mode of /private/tmp/pip-build-env-c3v2sl1d/overlay/bin/trove-classifiers to 755
    changing mode of /private/tmp/pip-build-env-c3v2sl1d/overlay/bin/hatchling to 755

  ERROR: pip's dependency resolver does not currently take into account all the packages that are installed. This behaviour is the source of the following dependency conflicts.
  devpi-server 6.17.0 requires attrs>=22.2.0, which is not installed.
  devpi-server 6.17.0 requires defusedxml, which is not installed.
  devpi-web 5.0.1 requires attrs>=22.2.0, which is not installed.
  devpi-web 5.0.1 requires beautifulsoup4!=4.12.1,>=4.3.2, which is not installed.
  devpi-web 5.0.1 requires defusedxml, which is not installed.
  twisted 25.5.0 requires attrs>=22.2.0, which is not installed.
  Successfully installed hatchling-1.28.0 packaging-26.0 pathspec-1.0.4 pluggy-1.6.0 tomli-2.4.0 trove-classifiers-2026.1.14.14
  Installing build dependencies: finished with status 'done'
  Getting requirements to build wheel: started
  Running command Getting requirements to build wheel
  Getting requirements to build wheel: finished with status 'done'
  Preparing metadata (pyproject.toml): started
  Running command Preparing metadata (pyproject.toml)
  Preparing metadata (pyproject.toml): finished with status 'done'
Building wheels for collected packages: annotated-types
  Building wheel for annotated-types (pyproject.toml): started
  Running command Building wheel for annotated-types (pyproject.toml)
  Building wheel for annotated-types (pyproject.toml): finished with status 'done'
  Created wheel for annotated-types: filename=annotated_types-0.7.0-py3-none-any.whl size=13644 sha256=1b49188ef44fa46702e730761a81a903edfebae0dddf68684fe4ae8a9011a859
  Stored in directory: /Users/nikitabelonogov/Library/Caches/Homebrew/pip_cache/wheels/99/f1/3b/91baa256f0953d4ac03919869c3ff79cdd21c1edd88735d21b
Successfully built annotated-types
Installing collected packages: annotated-types
Successfully installed annotated-types-0.7.0

[notice] A new release of pip is available: 26.0 -> 26.0.1
[notice] To update, run: /opt/homebrew/Cellar/label-studio/1.22.0/libexec/bin/python -m pip install --upgrade pip
