2026-02-05 07:11:04 +0000

python3.10
-m
pip
--python=/opt/homebrew/Cellar/label-studio/1.22.0/libexec/bin/python
install
--verbose
--no-deps
--no-binary=:all:
--ignore-installed
--no-compile
/private/tmp/label-studio--argcomplete-20260205-63897-x7bi6w/argcomplete-3.6.3

Using pip 26.0 from /opt/homebrew/lib/python3.10/site-packages/pip (python 3.10)
Processing ./.
  Installing build dependencies: started
  Running command installing build dependencies
  Using pip 26.0 from /opt/homebrew/lib/python3.10/site-packages/pip (python 3.10)
  Collecting hatchling
    Using cached hatchling-1.28.0-py3-none-any.whl
  Collecting hatch-vcs
    Using cached hatch_vcs-0.5.0-py3-none-any.whl
  Collecting packaging>=24.2 (from hatchling)
    Using cached packaging-26.0-py3-none-any.whl
  Collecting pathspec>=0.10.1 (from hatchling)
    Using cached pathspec-1.0.4-py3-none-any.whl
  Collecting pluggy>=1.0.0 (from hatchling)
    Using cached pluggy-1.6.0-py3-none-any.whl
  Collecting tomli>=1.2.2 (from hatchling)
    Using cached tomli-2.4.0-py3-none-any.whl
  Collecting trove-classifiers (from hatchling)
    Using cached trove_classifiers-2026.1.14.14-py3-none-any.whl
  Collecting setuptools-scm>=8.2.0 (from hatch-vcs)
    Using cached setuptools_scm-9.2.2-py3-none-any.whl
  Collecting setuptools (from setuptools-scm>=8.2.0->hatch-vcs)
    Using cached setuptools-80.10.2-py3-none-any.whl
  Installing collected packages: trove-classifiers, tomli, setuptools, pluggy, pathspec, packaging, setuptools-scm, hatchling, hatch-vcs
    Creating /private/tmp/pip-build-env-wtedvjrz/overlay/bin
    changing mode of /private/tmp/pip-build-env-wtedvjrz/overlay/bin/trove-classifiers to 755
    changing mode of /private/tmp/pip-build-env-wtedvjrz/overlay/bin/setuptools-scm to 755
    changing mode of /private/tmp/pip-build-env-wtedvjrz/overlay/bin/hatchling to 755

  ERROR: pip's dependency resolver does not currently take into account all the packages that are installed. This behaviour is the source of the following dependency conflicts.
  devpi-server 6.17.0 requires attrs>=22.2.0, which is not installed.
  devpi-server 6.17.0 requires defusedxml, which is not installed.
  devpi-web 5.0.1 requires attrs>=22.2.0, which is not installed.
  devpi-web 5.0.1 requires beautifulsoup4!=4.12.1,>=4.3.2, which is not installed.
  devpi-web 5.0.1 requires defusedxml, which is not installed.
  twisted 25.5.0 requires attrs>=22.2.0, which is not installed.
  Successfully installed hatch-vcs-0.5.0 hatchling-1.28.0 packaging-26.0 pathspec-1.0.4 pluggy-1.6.0 setuptools-80.10.2 setuptools-scm-9.2.2 tomli-2.4.0 trove-classifiers-2026.1.14.14
  Installing build dependencies: finished with status 'done'
  Getting requirements to build wheel: started
  Running command Getting requirements to build wheel
  Getting requirements to build wheel: finished with status 'done'
  Preparing metadata (pyproject.toml): started
  Running command Preparing metadata (pyproject.toml)
  Preparing metadata (pyproject.toml): finished with status 'done'
Building wheels for collected packages: argcomplete
  Building wheel for argcomplete (pyproject.toml): started
  Running command Building wheel for argcomplete (pyproject.toml)
  Building wheel for argcomplete (pyproject.toml): finished with status 'done'
  Created wheel for argcomplete: filename=argcomplete-3.6.3-py3-none-any.whl size=43845 sha256=4ebcbab6ef851e9c0240e2c11a1e653db6fa0b04f595e3239cc31227db235810
  Stored in directory: /Users/nikitabelonogov/Library/Caches/Homebrew/pip_cache/wheels/6c/fa/c4/47308ae929c04e2e4db316ad954493542bcc910eb18b6d868e
Successfully built argcomplete
Installing collected packages: argcomplete
  changing mode of /opt/homebrew/Cellar/label-studio/1.22.0/libexec/bin/activate-global-python-argcomplete to 755
  changing mode of /opt/homebrew/Cellar/label-studio/1.22.0/libexec/bin/python-argcomplete-check-easy-install-script to 755
  changing mode of /opt/homebrew/Cellar/label-studio/1.22.0/libexec/bin/register-python-argcomplete to 755
Successfully installed argcomplete-3.6.3

[notice] A new release of pip is available: 26.0 -> 26.0.1
[notice] To update, run: /opt/homebrew/Cellar/label-studio/1.22.0/libexec/bin/python -m pip install --upgrade pip
