2026-02-05 07:11:40 +0000

python3.10
-m
pip
--python=/opt/homebrew/Cellar/label-studio/1.22.0/libexec/bin/python
install
--verbose
--no-deps
--no-binary=:all:
--ignore-installed
--no-compile
/private/tmp/label-studio--certifi-20260205-63897-i7r6g9/certifi-2026.1.4

Using pip 26.0 from /opt/homebrew/lib/python3.10/site-packages/pip (python 3.10)
Processing ./.
  Installing build dependencies: started
  Running command installing build dependencies
  Using pip 26.0 from /opt/homebrew/lib/python3.10/site-packages/pip (python 3.10)
  Collecting setuptools>=42.0.0
    Using cached setuptools-80.10.2-py3-none-any.whl
  Installing collected packages: setuptools
  Successfully installed setuptools-80.10.2
  Installing build dependencies: finished with status 'done'
  Getting requirements to build wheel: started
  Running command Getting requirements to build wheel
  /private/tmp/pip-build-env-ns35pw4d/overlay/lib/python3.10/site-packages/setuptools/dist.py:332: InformationOnly: Normalizing '2026.01.04' to '2026.1.4'
    self.metadata.version = self._normalize_version(self.metadata.version)
  /private/tmp/pip-build-env-ns35pw4d/overlay/lib/python3.10/site-packages/setuptools/dist.py:765: SetuptoolsDeprecationWarning: License classifiers are deprecated.
  !!

          ********************************************************************************
          Please consider removing the following classifiers in favor of a SPDX license expression:

          License :: OSI Approved :: Mozilla Public License 2.0 (MPL 2.0)

          See https://packaging.python.org/en/latest/guides/writing-pyproject-toml/#license for details.
          ********************************************************************************

  !!
    self._finalize_license_expression()
  running egg_info
  writing certifi.egg-info/PKG-INFO
  writing dependency_links to certifi.egg-info/dependency_links.txt
  writing top-level names to certifi.egg-info/top_level.txt
  reading manifest file 'certifi.egg-info/SOURCES.txt'
  reading manifest template 'MANIFEST.in'
  warning: no previously-included files found matching '.github'
  warning: manifest_maker: MANIFEST.in, line 4: 'recursive-exclude' expects <dir> <pattern1> <pattern2> ...

  adding license file 'LICENSE'
  writing manifest file 'certifi.egg-info/SOURCES.txt'
  Getting requirements to build wheel: finished with status 'done'
  Preparing metadata (pyproject.toml): started
  Running command Preparing metadata (pyproject.toml)
  /private/tmp/pip-build-env-ns35pw4d/overlay/lib/python3.10/site-packages/setuptools/dist.py:332: InformationOnly: Normalizing '2026.01.04' to '2026.1.4'
    self.metadata.version = self._normalize_version(self.metadata.version)
  /private/tmp/pip-build-env-ns35pw4d/overlay/lib/python3.10/site-packages/setuptools/dist.py:765: SetuptoolsDeprecationWarning: License classifiers are deprecated.
  !!

          ********************************************************************************
          Please consider removing the following classifiers in favor of a SPDX license expression:

          License :: OSI Approved :: Mozilla Public License 2.0 (MPL 2.0)

          See https://packaging.python.org/en/latest/guides/writing-pyproject-toml/#license for details.
          ********************************************************************************

  !!
    self._finalize_license_expression()
  running dist_info
  creating /private/tmp/pip-modern-metadata-b7hbd2db/certifi.egg-info
  writing /private/tmp/pip-modern-metadata-b7hbd2db/certifi.egg-info/PKG-INFO
  writing dependency_links to /private/tmp/pip-modern-metadata-b7hbd2db/certifi.egg-info/dependency_links.txt
  writing top-level names to /private/tmp/pip-modern-metadata-b7hbd2db/certifi.egg-info/top_level.txt
  writing manifest file '/private/tmp/pip-modern-metadata-b7hbd2db/certifi.egg-info/SOURCES.txt'
  reading manifest file '/private/tmp/pip-modern-metadata-b7hbd2db/certifi.egg-info/SOURCES.txt'
  reading manifest template 'MANIFEST.in'
  warning: no previously-included files found matching '.github'
  warning: manifest_maker: MANIFEST.in, line 4: 'recursive-exclude' expects <dir> <pattern1> <pattern2> ...

  adding license file 'LICENSE'
  writing manifest file '/private/tmp/pip-modern-metadata-b7hbd2db/certifi.egg-info/SOURCES.txt'
  creating '/private/tmp/pip-modern-metadata-b7hbd2db/certifi-2026.1.4.dist-info'
  Preparing metadata (pyproject.toml): finished with status 'done'
Building wheels for collected packages: certifi
  Building wheel for certifi (pyproject.toml): started
  Running command Building wheel for certifi (pyproject.toml)
  /private/tmp/pip-build-env-ns35pw4d/overlay/lib/python3.10/site-packages/setuptools/dist.py:332: InformationOnly: Normalizing '2026.01.04' to '2026.1.4'
    self.metadata.version = self._normalize_version(self.metadata.version)
  /private/tmp/pip-build-env-ns35pw4d/overlay/lib/python3.10/site-packages/setuptools/dist.py:765: SetuptoolsDeprecationWarning: License classifiers are deprecated.
  !!

          ********************************************************************************
          Please consider removing the following classifiers in favor of a SPDX license expression:

          License :: OSI Approved :: Mozilla Public License 2.0 (MPL 2.0)

          See https://packaging.python.org/en/latest/guides/writing-pyproject-toml/#license for details.
          ********************************************************************************

  !!
    self._finalize_license_expression()
  running bdist_wheel
  running build
  running build_py
  creating build/lib/certifi
  copying certifi/__init__.py -> build/lib/certifi
  copying certifi/core.py -> build/lib/certifi
  copying certifi/__main__.py -> build/lib/certifi
  running egg_info
  writing certifi.egg-info/PKG-INFO
  writing dependency_links to certifi.egg-info/dependency_links.txt
  writing top-level names to certifi.egg-info/top_level.txt
  reading manifest file 'certifi.egg-info/SOURCES.txt'
  reading manifest template 'MANIFEST.in'
  warning: no previously-included files found matching '.github'
  warning: manifest_maker: MANIFEST.in, line 4: 'recursive-exclude' expects <dir> <pattern1> <pattern2> ...

  adding license file 'LICENSE'
  writing manifest file 'certifi.egg-info/SOURCES.txt'
  copying certifi/cacert.pem -> build/lib/certifi
  copying certifi/py.typed -> build/lib/certifi
  warning: build_py: byte-compiling is disabled, skipping.

  installing to build/bdist.macosx-26-arm64/wheel
  running install
  running install_lib
  creating build/bdist.macosx-26-arm64/wheel
  creating build/bdist.macosx-26-arm64/wheel/certifi
  copying build/lib/certifi/__init__.py -> build/bdist.macosx-26-arm64/wheel/./certifi
  copying build/lib/certifi/core.py -> build/bdist.macosx-26-arm64/wheel/./certifi
  copying build/lib/certifi/py.typed -> build/bdist.macosx-26-arm64/wheel/./certifi
  copying build/lib/certifi/cacert.pem -> build/bdist.macosx-26-arm64/wheel/./certifi
  copying build/lib/certifi/__main__.py -> build/bdist.macosx-26-arm64/wheel/./certifi
  warning: install_lib: byte-compiling is disabled, skipping.

  running install_egg_info
  Copying certifi.egg-info to build/bdist.macosx-26-arm64/wheel/./certifi-2026.1.4-py3.10.egg-info
  running install_scripts
  creating build/bdist.macosx-26-arm64/wheel/certifi-2026.1.4.dist-info/WHEEL
  creating '/Users/nikitabelonogov/Library/Caches/Homebrew/pip_cache/wheels/33/28/8a/e7d9ffe53ebba718f3ecd93b7696b60f1d141dcef171f6b005/tmpmv11bg7w/.tmp-e8ykbwpd/certifi-2026.1.4-py3-none-any.whl' and adding 'build/bdist.macosx-26-arm64/wheel' to it
  adding 'certifi/__init__.py'
  adding 'certifi/__main__.py'
  adding 'certifi/cacert.pem'
  adding 'certifi/core.py'
  adding 'certifi/py.typed'
  adding 'certifi-2026.1.4.dist-info/licenses/LICENSE'
  adding 'certifi-2026.1.4.dist-info/METADATA'
  adding 'certifi-2026.1.4.dist-info/WHEEL'
  adding 'certifi-2026.1.4.dist-info/top_level.txt'
  adding 'certifi-2026.1.4.dist-info/RECORD'
  removing build/bdist.macosx-26-arm64/wheel
  Building wheel for certifi (pyproject.toml): finished with status 'done'
  Created wheel for certifi: filename=certifi-2026.1.4-py3-none-any.whl size=152900 sha256=83596ab92cf70813d00dcc207cc4c638d1aa27198379235f565e458fc8173d79
  Stored in directory: /Users/nikitabelonogov/Library/Caches/Homebrew/pip_cache/wheels/33/28/8a/e7d9ffe53ebba718f3ecd93b7696b60f1d141dcef171f6b005
Successfully built certifi
Installing collected packages: certifi
Successfully installed certifi-2026.1.4

[notice] A new release of pip is available: 26.0 -> 26.0.1
[notice] To update, run: /opt/homebrew/Cellar/label-studio/1.22.0/libexec/bin/python -m pip install --upgrade pip
