2026-02-05 07:11:51 +0000

python3.10
-m
pip
--python=/opt/homebrew/Cellar/label-studio/1.22.0/libexec/bin/python
install
--verbose
--no-deps
--no-binary=:all:
--ignore-installed
--no-compile
/private/tmp/label-studio--colorama-20260205-63897-63n2b6/colorama-0.4.6

Using pip 26.0 from /opt/homebrew/lib/python3.10/site-packages/pip (python 3.10)
Processing ./.
  Installing build dependencies: started
  Running command installing build dependencies
  Using pip 26.0 from /opt/homebrew/lib/python3.10/site-packages/pip (python 3.10)
  Collecting hatchling>=0.25.1
    Using cached hatchling-1.28.0-py3-none-any.whl
  Collecting packaging>=24.2 (from hatchling>=0.25.1)
    Using cached packaging-26.0-py3-none-any.whl
  Collecting pathspec>=0.10.1 (from hatchling>=0.25.1)
    Using cached pathspec-1.0.4-py3-none-any.whl
  Collecting pluggy>=1.0.0 (from hatchling>=0.25.1)
    Using cached pluggy-1.6.0-py3-none-any.whl
  Collecting tomli>=1.2.2 (from hatchling>=0.25.1)
    Using cached tomli-2.4.0-py3-none-any.whl
  Collecting trove-classifiers (from hatchling>=0.25.1)
    Using cached trove_classifiers-2026.1.14.14-py3-none-any.whl
  Installing collected packages: trove-classifiers, tomli, pluggy, pathspec, packaging, hatchling
    Creating /private/tmp/pip-build-env-5yqsflxr/overlay/bin
    changing mode of /private/tmp/pip-build-env-5yqsflxr/overlay/bin/trove-classifiers to 755
    changing mode of /private/tmp/pip-build-env-5yqsflxr/overlay/bin/hatchling to 755

  ERROR: pip's dependency resolver does not currently take into account all the packages that are installed. This behaviour is the source of the following dependency conflicts.
  black 26.1a1 requires pytokens>=0.3.0, which is not installed.
  devpi-server 6.17.0 requires defusedxml, which is not installed.
  devpi-web 5.0.1 requires beautifulsoup4!=4.12.1,>=4.3.2, which is not installed.
  devpi-web 5.0.1 requires defusedxml, which is not installed.
  blue 0.9.1 requires black==22.1.0, but you have black 26.1a1 which is incompatible.
  Successfully installed hatchling-1.28.0 packaging-26.0 pathspec-1.0.4 pluggy-1.6.0 tomli-2.4.0 trove-classifiers-2026.1.14.14
  Installing build dependencies: finished with status 'done'
  Getting requirements to build wheel: started
  Running command Getting requirements to build wheel
  Getting requirements to build wheel: finished with status 'done'
  Preparing metadata (pyproject.toml): started
  Running command Preparing metadata (pyproject.toml)
  Preparing metadata (pyproject.toml): finished with status 'done'
Building wheels for collected packages: colorama
  Building wheel for colorama (pyproject.toml): started
  Running command Building wheel for colorama (pyproject.toml)
  Building wheel for colorama (pyproject.toml): finished with status 'done'
  Created wheel for colorama: filename=colorama-0.4.6-py2.py3-none-any.whl size=25348 sha256=2ba9ff40161757ebe37657a70b347878403bceec9da68e9c6184c06678c041b3
  Stored in directory: /Users/nikitabelonogov/Library/Caches/Homebrew/pip_cache/wheels/55/58/52/d920e0bdc42a3663c5e2ca8addedf57bf4b88dfe4ea83dbbc3
Successfully built colorama
Installing collected packages: colorama
Successfully installed colorama-0.4.6

[notice] A new release of pip is available: 26.0 -> 26.0.1
[notice] To update, run: /opt/homebrew/Cellar/label-studio/1.22.0/libexec/bin/python -m pip install --upgrade pip
